Archive member included because of file (symbol)

../lib/libUI.a(UI.o)          pollingCycle.o (initUI)
../lib/libsensorHistory.a(sensorHistory.o)
                              ../lib/libUI.a(UI.o) (initSensorHistory)
../lib/libcommandPrompt.a(commandPrompt.o)
                              ../lib/libUI.a(UI.o) (initCommandPrompt)
../lib/libclock.a(clock.o)    ../lib/libUI.a(UI.o) (initClock)
../lib/libswitchTable.a(switchTable.o)
                              ../lib/libUI.a(UI.o) (initSwitchTable)
../lib/libtrainIO.a(trainIO.o)
                              pollingCycle.o (trainIOBootstrap)
../lib/libcommandHandler.a(commandHandler.o)
                              pollingCycle.o (commandHandlerBootstrap)
../lib/libtrainStatus.a(trainStatus.o)
                              pollingCycle.o (trainSpeedBootstrap)
../lib/libbaseIO.a(baseIO.o)  pollingCycle.o (baseIOBootstrap)
../lib/libtimer.a(timer.o)    pollingCycle.o (timerBootstrap)
/u/wbcowan/gnuarm-4.0.2/lib/gcc/arm-elf/4.0.2/libgcc.a(_udivsi3.o)
                              ../lib/libbaseIO.a(baseIO.o) (__udivsi3)
/u/wbcowan/gnuarm-4.0.2/lib/gcc/arm-elf/4.0.2/libgcc.a(_umodsi3.o)
                              ../lib/libbaseIO.a(baseIO.o) (__umodsi3)
/u/wbcowan/gnuarm-4.0.2/lib/gcc/arm-elf/4.0.2/libgcc.a(_dvmd_tls.o)
                              /u/wbcowan/gnuarm-4.0.2/lib/gcc/arm-elf/4.0.2/libgcc.a(_udivsi3.o) (__div0)

Memory Configuration

Name             Origin             Length             Attributes
ram              0x0000000000000000 0x0000000002000000
rom              0x0000000060000000 0x0000000000800000
*default*        0x0000000000000000 0xffffffffffffffff

Linker script and memory map


data            0x0000000000000000        0x0
                0x0000000000000000                _DataStart = .
 *(.data)
                0x0000000000000000                _DataEnd = .

bss             0x0000000000000000       0x2c
                0x0000000000000000                _BssStart = .
 *(.bss)
 .bss           0x0000000000000000        0x8 ../lib/libsensorHistory.a(sensorHistory.o)
                0x0000000000000000                tmpTime
                0x0000000000000004                result
 .bss           0x0000000000000008        0x4 ../lib/libtrainIO.a(trainIO.o)
                0x0000000000000008                _trainIO
 .bss           0x000000000000000c        0x4 ../lib/libcommandHandler.a(commandHandler.o)
                0x000000000000000c                commandHandler
 .bss           0x0000000000000010        0x8 ../lib/libtrainStatus.a(trainStatus.o)
                0x0000000000000010                _trainSpeed
                0x0000000000000014                _trainSwitchStatus
 .bss           0x0000000000000018        0x8 ../lib/libbaseIO.a(baseIO.o)
                0x000000000000001c                COM2IO
                0x0000000000000018                COM1IO
 .bss           0x0000000000000020        0xc ../lib/libtimer.a(timer.o)
                0x0000000000000024                _then
                0x0000000000000028                _now
                0x0000000000000020                _timerTick
                0x000000000000002c                _BssEnd = .

text            0x000000000000002c     0x3dd4
 *(.text)
 .text          0x000000000000002c      0x474 pollingCycle.o
                0x000000000000002c                main
 .text          0x00000000000004a0      0x158 ../lib/libUI.a(UI.o)
                0x000000000000053c                UIHeartBeat
                0x00000000000004a0                initUI
 .text          0x00000000000005f8      0x6f4 ../lib/libsensorHistory.a(sensorHistory.o)
                0x000000000000074c                sensorHistoryPushHistory
                0x0000000000000944                sensorHistoryHeartBeat
                0x00000000000005f8                initSensorHistory
                0x000000000000083c                sensorHistoryPrint
 .text          0x0000000000000cec      0x4d4 ../lib/libcommandPrompt.a(commandPrompt.o)
                0x0000000000001148                repositionCursor
                0x0000000000000e0c                initCommandPrompt
                0x0000000000000db0                commandStrPop
                0x0000000000000ef0                commandPromptHeartBeat
                0x0000000000000cec                initCommandStr
                0x0000000000000d28                commandStrPush
 .text          0x00000000000011c0      0x1e8 ../lib/libclock.a(clock.o)
                0x0000000000001218                clockHeartBeat
                0x00000000000011c0                initClock
 .text          0x00000000000013a8      0x278 ../lib/libswitchTable.a(switchTable.o)
                0x00000000000013f4                switchTableHeartBeat
                0x00000000000013a8                initSwitchTable
 .text          0x0000000000001620      0x89c ../lib/libtrainIO.a(trainIO.o)
                0x000000000000190c                sendSetTrainReverseDirection
                0x0000000000001ae8                sendTrainCmd
                0x0000000000001a38                sendReadSensor
                0x0000000000001804                sendSetTrainSpeed
                0x0000000000001c10                trainIOHeartBeat
                0x0000000000001e8c                getTrainIO
                0x00000000000019a4                sendSetSwitch
                0x0000000000001620                trainIOBootstrap
                0x00000000000016d8                pushTrainCmd
                0x0000000000001864                sendSetTrainReverse
 .text          0x0000000000001ebc      0x624 ../lib/libcommandHandler.a(commandHandler.o)
                0x00000000000024b0                getCommandHandler
                0x0000000000001f94                parseInt
                0x0000000000001f50                commandHandlerBootstrap
                0x0000000000002470                commandHandlerSetCommand
                0x00000000000020a0                commandHandlerHeartBeat
                0x0000000000001ebc                strCpy
 .text          0x00000000000024e0      0x2d4 ../lib/libtrainStatus.a(trainStatus.o)
                0x00000000000025fc                setTrainSpeed
                0x0000000000002550                TrainSwitchStatusBootstrap
                0x0000000000002630                readTrainSpeed
                0x00000000000026ec                readSwitchStatus
                0x0000000000002670                setSwitchStatus
                0x00000000000024e0                trainSpeedBootstrap
                0x0000000000002784                getTrainSwitchStatus
                0x0000000000002754                getTrainSpeed
 .text          0x00000000000027b4     0x11e8 ../lib/libbaseIO.a(baseIO.o)
                0x0000000000002e08                readChar
                0x00000000000027b4                baseIOsetfifo
                0x0000000000003690                baseIOformat
                0x0000000000003424                baseIOa2i
                0x0000000000002988                baseIOBootstrap
                0x000000000000362c                baseIOi2a
                0x0000000000003178                baseIOputr
                0x0000000000002c30                getBaseIO
                0x00000000000030f8                baseIOputx
                0x0000000000002d64                writeStr
                0x0000000000003964                baseIOprintf
                0x000000000000337c                baseIOa2d
                0x00000000000031f8                baseIOputstr
                0x0000000000003098                c2x
                0x0000000000002cb0                writeChar
                0x0000000000003274                baseIOputw
                0x0000000000002ebc                buffer2port
                0x0000000000002fc0                port2buffer
                0x000000000000287c                baseIOsetspeed
                0x00000000000034e8                baseIOui2a
 .text          0x000000000000399c      0x17c ../lib/libtimer.a(timer.o)
                0x0000000000003a1c                getTimerTick
                0x0000000000003ae8                getTime
                0x000000000000399c                timerBootstrap
 .text          0x0000000000003b18      0x110 /u/wbcowan/gnuarm-4.0.2/lib/gcc/arm-elf/4.0.2/libgcc.a(_udivsi3.o)
                0x0000000000003b18                __udivsi3
                0x0000000000003c10                __aeabi_uidivmod
 .text          0x0000000000003c28       0xcc /u/wbcowan/gnuarm-4.0.2/lib/gcc/arm-elf/4.0.2/libgcc.a(_umodsi3.o)
                0x0000000000003c28                __umodsi3
 .text          0x0000000000003cf4        0x4 /u/wbcowan/gnuarm-4.0.2/lib/gcc/arm-elf/4.0.2/libgcc.a(_dvmd_tls.o)
                0x0000000000003cf4                __aeabi_ldiv0
                0x0000000000003cf4                __div0
                0x0000000000003cf4                __aeabi_idiv0
 *(.got)
 .got           0x0000000000003cf8       0x28 pollingCycle.o
 *(.got.plt)
 .got.plt       0x0000000000003d20        0xc pollingCycle.o
                0x0000000000003d20                _GLOBAL_OFFSET_TABLE_
 *(.rodata)
 .rodata        0x0000000000003d2c       0x1c pollingCycle.o
 .rodata        0x0000000000003d48       0x24 ../lib/libsensorHistory.a(sensorHistory.o)
 .rodata        0x0000000000003d6c       0x10 ../lib/libcommandPrompt.a(commandPrompt.o)
 .rodata        0x0000000000003d7c       0x24 ../lib/libclock.a(clock.o)
 .rodata        0x0000000000003da0       0x48 ../lib/libswitchTable.a(switchTable.o)
 .rodata        0x0000000000003de8        0xc ../lib/libtrainIO.a(trainIO.o)
 .rodata        0x0000000000003df4        0xc ../lib/libcommandHandler.a(commandHandler.o)
 *(.glue_7)
 *(.glue_7t)

.rel.dyn
LOAD pollingCycle.o
LOAD ../lib/libUI.a
LOAD ../lib/libsensorHistory.a
LOAD ../lib/libcommandPrompt.a
LOAD ../lib/libclock.a
LOAD ../lib/libswitchTable.a
LOAD ../lib/libtrainIO.a
LOAD ../lib/libcommandHandler.a
LOAD ../lib/libtrainStatus.a
LOAD ../lib/libbaseIO.a
LOAD ../lib/libtimer.a
LOAD /u/wbcowan/gnuarm-4.0.2/lib/gcc/arm-elf/4.0.2/libgcc.a
OUTPUT(pollingCycle.elf elf32-littlearm)

.comment        0x0000000000000000       0xc6
 .comment       0x0000000000000000       0x12 pollingCycle.o
 .comment       0x0000000000000012       0x12 ../lib/libUI.a(UI.o)
 .comment       0x0000000000000024       0x12 ../lib/libsensorHistory.a(sensorHistory.o)
 .comment       0x0000000000000036       0x12 ../lib/libcommandPrompt.a(commandPrompt.o)
 .comment       0x0000000000000048       0x12 ../lib/libclock.a(clock.o)
 .comment       0x000000000000005a       0x12 ../lib/libswitchTable.a(switchTable.o)
 .comment       0x000000000000006c       0x12 ../lib/libtrainIO.a(trainIO.o)
 .comment       0x000000000000007e       0x12 ../lib/libcommandHandler.a(commandHandler.o)
 .comment       0x0000000000000090       0x12 ../lib/libtrainStatus.a(trainStatus.o)
 .comment       0x00000000000000a2       0x12 ../lib/libbaseIO.a(baseIO.o)
 .comment       0x00000000000000b4       0x12 ../lib/libtimer.a(timer.o)

.debug_line     0x0000000000000000      0x14f
 .debug_line    0x0000000000000000       0x86 /u/wbcowan/gnuarm-4.0.2/lib/gcc/arm-elf/4.0.2/libgcc.a(_udivsi3.o)
 .debug_line    0x0000000000000086       0x6f /u/wbcowan/gnuarm-4.0.2/lib/gcc/arm-elf/4.0.2/libgcc.a(_umodsi3.o)
 .debug_line    0x00000000000000f5       0x5a /u/wbcowan/gnuarm-4.0.2/lib/gcc/arm-elf/4.0.2/libgcc.a(_dvmd_tls.o)

.debug_info     0x0000000000000000      0x153
 .debug_info    0x0000000000000000       0x71 /u/wbcowan/gnuarm-4.0.2/lib/gcc/arm-elf/4.0.2/libgcc.a(_udivsi3.o)
 .debug_info    0x0000000000000071       0x71 /u/wbcowan/gnuarm-4.0.2/lib/gcc/arm-elf/4.0.2/libgcc.a(_umodsi3.o)
 .debug_info    0x00000000000000e2       0x71 /u/wbcowan/gnuarm-4.0.2/lib/gcc/arm-elf/4.0.2/libgcc.a(_dvmd_tls.o)

.debug_abbrev   0x0000000000000000       0x3c
 .debug_abbrev  0x0000000000000000       0x14 /u/wbcowan/gnuarm-4.0.2/lib/gcc/arm-elf/4.0.2/libgcc.a(_udivsi3.o)
 .debug_abbrev  0x0000000000000014       0x14 /u/wbcowan/gnuarm-4.0.2/lib/gcc/arm-elf/4.0.2/libgcc.a(_umodsi3.o)
 .debug_abbrev  0x0000000000000028       0x14 /u/wbcowan/gnuarm-4.0.2/lib/gcc/arm-elf/4.0.2/libgcc.a(_dvmd_tls.o)

.debug_aranges  0x0000000000000000       0x60
 .debug_aranges
                0x0000000000000000       0x20 /u/wbcowan/gnuarm-4.0.2/lib/gcc/arm-elf/4.0.2/libgcc.a(_udivsi3.o)
 .debug_aranges
                0x0000000000000020       0x20 /u/wbcowan/gnuarm-4.0.2/lib/gcc/arm-elf/4.0.2/libgcc.a(_umodsi3.o)
 .debug_aranges
                0x0000000000000040       0x20 /u/wbcowan/gnuarm-4.0.2/lib/gcc/arm-elf/4.0.2/libgcc.a(_dvmd_tls.o)
