Archive member included because of file (symbol)

../lib/libUI.a(UI.o)          pollingCycle.o (initUI)
../lib/libsensorHistory.a(sensorHistory.o)
                              ../lib/libUI.a(UI.o) (initSensorHistory)
../lib/libcommandPrompt.a(commandPrompt.o)
                              ../lib/libUI.a(UI.o) (initCommandPrompt)
../lib/libclock.a(clock.o)    ../lib/libUI.a(UI.o) (initClock)
../lib/libswitchTable.a(switchTable.o)
                              ../lib/libUI.a(UI.o) (initSwitchTable)
../lib/libtrainIO.a(trainIO.o)
                              pollingCycle.o (trainIOBootstrap)
../lib/libcommandHandler.a(commandHandler.o)
                              pollingCycle.o (commandHandlerBootstrap)
../lib/libtrainStatus.a(trainStatus.o)
                              pollingCycle.o (trainSpeedBootstrap)
../lib/libbaseIO.a(baseIO.o)  pollingCycle.o (baseIOBootstrap)
../lib/libtimer.a(timer.o)    pollingCycle.o (timerBootstrap)
/u/wbcowan/gnuarm-4.0.2/lib/gcc/arm-elf/4.0.2/libgcc.a(_udivsi3.o)
                              ../lib/libbaseIO.a(baseIO.o) (__udivsi3)
/u/wbcowan/gnuarm-4.0.2/lib/gcc/arm-elf/4.0.2/libgcc.a(_umodsi3.o)
                              ../lib/libbaseIO.a(baseIO.o) (__umodsi3)
/u/wbcowan/gnuarm-4.0.2/lib/gcc/arm-elf/4.0.2/libgcc.a(_dvmd_tls.o)
                              /u/wbcowan/gnuarm-4.0.2/lib/gcc/arm-elf/4.0.2/libgcc.a(_udivsi3.o) (__div0)

Memory Configuration

Name             Origin             Length             Attributes
ram              0x0000000000000000 0x0000000002000000
rom              0x0000000060000000 0x0000000000800000
*default*        0x0000000000000000 0xffffffffffffffff

Linker script and memory map


data            0x0000000000000000        0x0
                0x0000000000000000                _DataStart = .
 *(.data)
                0x0000000000000000                _DataEnd = .

bss             0x0000000000000000       0x24
                0x0000000000000000                _BssStart = .
 *(.bss)
 .bss           0x0000000000000000        0x4 ../lib/libtrainIO.a(trainIO.o)
                0x0000000000000000                _trainIO
 .bss           0x0000000000000004        0x4 ../lib/libcommandHandler.a(commandHandler.o)
                0x0000000000000004                commandHandler
 .bss           0x0000000000000008        0x8 ../lib/libtrainStatus.a(trainStatus.o)
                0x0000000000000008                _trainSpeed
                0x000000000000000c                _trainSwitchStatus
 .bss           0x0000000000000010        0x8 ../lib/libbaseIO.a(baseIO.o)
                0x0000000000000014                COM2IO
                0x0000000000000010                COM1IO
 .bss           0x0000000000000018        0xc ../lib/libtimer.a(timer.o)
                0x000000000000001c                _then
                0x0000000000000020                _now
                0x0000000000000018                _timerTick
                0x0000000000000024                _BssEnd = .

text            0x0000000000000024     0x3ac4
 *(.text)
 .text          0x0000000000000024      0x1dc pollingCycle.o
                0x0000000000000024                main
 .text          0x0000000000000200      0x158 ../lib/libUI.a(UI.o)
                0x000000000000029c                UIHeartBeat
                0x0000000000000200                initUI
 .text          0x0000000000000358      0x698 ../lib/libsensorHistory.a(sensorHistory.o)
                0x00000000000004ac                sensorHistoryPushHistory
                0x00000000000006a4                sensorHistoryHeartBeat
                0x0000000000000358                initSensorHistory
                0x000000000000059c                sensorHistoryPrint
 .text          0x00000000000009f0      0x4d4 ../lib/libcommandPrompt.a(commandPrompt.o)
                0x0000000000000e4c                repositionCursor
                0x0000000000000b10                initCommandPrompt
                0x0000000000000ab4                commandStrPop
                0x0000000000000bf4                commandPromptHeartBeat
                0x00000000000009f0                initCommandStr
                0x0000000000000a2c                commandStrPush
 .text          0x0000000000000ec4      0x1e8 ../lib/libclock.a(clock.o)
                0x0000000000000f1c                clockHeartBeat
                0x0000000000000ec4                initClock
 .text          0x00000000000010ac      0x278 ../lib/libswitchTable.a(switchTable.o)
                0x00000000000010f8                switchTableHeartBeat
                0x00000000000010ac                initSwitchTable
 .text          0x0000000000001324      0x89c ../lib/libtrainIO.a(trainIO.o)
                0x0000000000001610                sendSetTrainReverseDirection
                0x00000000000017ec                sendTrainCmd
                0x000000000000173c                sendReadSensor
                0x0000000000001508                sendSetTrainSpeed
                0x0000000000001914                trainIOHeartBeat
                0x0000000000001b90                getTrainIO
                0x00000000000016a8                sendSetSwitch
                0x0000000000001324                trainIOBootstrap
                0x00000000000013dc                pushTrainCmd
                0x0000000000001568                sendSetTrainReverse
 .text          0x0000000000001bc0      0x624 ../lib/libcommandHandler.a(commandHandler.o)
                0x00000000000021b4                getCommandHandler
                0x0000000000001c98                parseInt
                0x0000000000001c54                commandHandlerBootstrap
                0x0000000000002174                commandHandlerSetCommand
                0x0000000000001da4                commandHandlerHeartBeat
                0x0000000000001bc0                strCpy
 .text          0x00000000000021e4      0x2dc ../lib/libtrainStatus.a(trainStatus.o)
                0x0000000000002308                setTrainSpeed
                0x0000000000002254                TrainSwitchStatusBootstrap
                0x000000000000233c                readTrainSpeed
                0x00000000000023f8                readSwitchStatus
                0x000000000000237c                setSwitchStatus
                0x00000000000021e4                trainSpeedBootstrap
                0x0000000000002490                getTrainSwitchStatus
                0x0000000000002460                getTrainSpeed
 .text          0x00000000000024c0     0x11e8 ../lib/libbaseIO.a(baseIO.o)
                0x0000000000002b14                readChar
                0x00000000000024c0                baseIOsetfifo
                0x000000000000339c                baseIOformat
                0x0000000000003130                baseIOa2i
                0x0000000000002694                baseIOBootstrap
                0x0000000000003338                baseIOi2a
                0x0000000000002e84                baseIOputr
                0x000000000000293c                getBaseIO
                0x0000000000002e04                baseIOputx
                0x0000000000002a70                writeStr
                0x0000000000003670                baseIOprintf
                0x0000000000003088                baseIOa2d
                0x0000000000002f04                baseIOputstr
                0x0000000000002da4                c2x
                0x00000000000029bc                writeChar
                0x0000000000002f80                baseIOputw
                0x0000000000002bc8                buffer2port
                0x0000000000002ccc                port2buffer
                0x0000000000002588                baseIOsetspeed
                0x00000000000031f4                baseIOui2a
 .text          0x00000000000036a8      0x17c ../lib/libtimer.a(timer.o)
                0x0000000000003728                getTimerTick
                0x00000000000037f4                getTime
                0x00000000000036a8                timerBootstrap
 .text          0x0000000000003824      0x110 /u/wbcowan/gnuarm-4.0.2/lib/gcc/arm-elf/4.0.2/libgcc.a(_udivsi3.o)
                0x0000000000003824                __udivsi3
                0x000000000000391c                __aeabi_uidivmod
 .text          0x0000000000003934       0xcc /u/wbcowan/gnuarm-4.0.2/lib/gcc/arm-elf/4.0.2/libgcc.a(_umodsi3.o)
                0x0000000000003934                __umodsi3
 .text          0x0000000000003a00        0x4 /u/wbcowan/gnuarm-4.0.2/lib/gcc/arm-elf/4.0.2/libgcc.a(_dvmd_tls.o)
                0x0000000000003a00                __aeabi_ldiv0
                0x0000000000003a00                __div0
                0x0000000000003a00                __aeabi_idiv0
 *(.got)
 .got           0x0000000000003a04       0x24 pollingCycle.o
 *(.got.plt)
 .got.plt       0x0000000000003a28        0xc pollingCycle.o
                0x0000000000003a28                _GLOBAL_OFFSET_TABLE_
 *(.rodata)
 .rodata        0x0000000000003a34        0xc pollingCycle.o
 .rodata        0x0000000000003a40       0x14 ../lib/libsensorHistory.a(sensorHistory.o)
 .rodata        0x0000000000003a54       0x10 ../lib/libcommandPrompt.a(commandPrompt.o)
 .rodata        0x0000000000003a64       0x24 ../lib/libclock.a(clock.o)
 .rodata        0x0000000000003a88       0x48 ../lib/libswitchTable.a(switchTable.o)
 .rodata        0x0000000000003ad0        0xc ../lib/libtrainIO.a(trainIO.o)
 .rodata        0x0000000000003adc        0xc ../lib/libcommandHandler.a(commandHandler.o)
 *(.glue_7)
 *(.glue_7t)

.rel.dyn
LOAD pollingCycle.o
LOAD ../lib/libUI.a
LOAD ../lib/libsensorHistory.a
LOAD ../lib/libcommandPrompt.a
LOAD ../lib/libclock.a
LOAD ../lib/libswitchTable.a
LOAD ../lib/libtrainIO.a
LOAD ../lib/libcommandHandler.a
LOAD ../lib/libtrainStatus.a
LOAD ../lib/libbaseIO.a
LOAD ../lib/libtimer.a
LOAD /u/wbcowan/gnuarm-4.0.2/lib/gcc/arm-elf/4.0.2/libgcc.a
OUTPUT(pollingCycle.elf elf32-littlearm)

.comment        0x0000000000000000       0xc6
 .comment       0x0000000000000000       0x12 pollingCycle.o
 .comment       0x0000000000000012       0x12 ../lib/libUI.a(UI.o)
 .comment       0x0000000000000024       0x12 ../lib/libsensorHistory.a(sensorHistory.o)
 .comment       0x0000000000000036       0x12 ../lib/libcommandPrompt.a(commandPrompt.o)
 .comment       0x0000000000000048       0x12 ../lib/libclock.a(clock.o)
 .comment       0x000000000000005a       0x12 ../lib/libswitchTable.a(switchTable.o)
 .comment       0x000000000000006c       0x12 ../lib/libtrainIO.a(trainIO.o)
 .comment       0x000000000000007e       0x12 ../lib/libcommandHandler.a(commandHandler.o)
 .comment       0x0000000000000090       0x12 ../lib/libtrainStatus.a(trainStatus.o)
 .comment       0x00000000000000a2       0x12 ../lib/libbaseIO.a(baseIO.o)
 .comment       0x00000000000000b4       0x12 ../lib/libtimer.a(timer.o)

.debug_line     0x0000000000000000      0x14f
 .debug_line    0x0000000000000000       0x86 /u/wbcowan/gnuarm-4.0.2/lib/gcc/arm-elf/4.0.2/libgcc.a(_udivsi3.o)
 .debug_line    0x0000000000000086       0x6f /u/wbcowan/gnuarm-4.0.2/lib/gcc/arm-elf/4.0.2/libgcc.a(_umodsi3.o)
 .debug_line    0x00000000000000f5       0x5a /u/wbcowan/gnuarm-4.0.2/lib/gcc/arm-elf/4.0.2/libgcc.a(_dvmd_tls.o)

.debug_info     0x0000000000000000      0x153
 .debug_info    0x0000000000000000       0x71 /u/wbcowan/gnuarm-4.0.2/lib/gcc/arm-elf/4.0.2/libgcc.a(_udivsi3.o)
 .debug_info    0x0000000000000071       0x71 /u/wbcowan/gnuarm-4.0.2/lib/gcc/arm-elf/4.0.2/libgcc.a(_umodsi3.o)
 .debug_info    0x00000000000000e2       0x71 /u/wbcowan/gnuarm-4.0.2/lib/gcc/arm-elf/4.0.2/libgcc.a(_dvmd_tls.o)

.debug_abbrev   0x0000000000000000       0x3c
 .debug_abbrev  0x0000000000000000       0x14 /u/wbcowan/gnuarm-4.0.2/lib/gcc/arm-elf/4.0.2/libgcc.a(_udivsi3.o)
 .debug_abbrev  0x0000000000000014       0x14 /u/wbcowan/gnuarm-4.0.2/lib/gcc/arm-elf/4.0.2/libgcc.a(_umodsi3.o)
 .debug_abbrev  0x0000000000000028       0x14 /u/wbcowan/gnuarm-4.0.2/lib/gcc/arm-elf/4.0.2/libgcc.a(_dvmd_tls.o)

.debug_aranges  0x0000000000000000       0x60
 .debug_aranges
                0x0000000000000000       0x20 /u/wbcowan/gnuarm-4.0.2/lib/gcc/arm-elf/4.0.2/libgcc.a(_udivsi3.o)
 .debug_aranges
                0x0000000000000020       0x20 /u/wbcowan/gnuarm-4.0.2/lib/gcc/arm-elf/4.0.2/libgcc.a(_umodsi3.o)
 .debug_aranges
                0x0000000000000040       0x20 /u/wbcowan/gnuarm-4.0.2/lib/gcc/arm-elf/4.0.2/libgcc.a(_dvmd_tls.o)
